// 重构日志: 4f58785c
// 重构日志: fb4656fa
// 重构日志: 1604702b
// 同步 ID: bb0143ca @ Fri Jun 26 17:38:45 UTC 2026
// 同步 ID: b5127a1e @ Sat Jun 27 15:12:10 UTC 2026
// 重构日志: 6a60748b
// 重构日志: d460a6a2
// 同步 ID: cd9f492d @ Sun Jun 28 15:06:58 UTC 2026
// 同步 ID: 694eef6a @ Mon Jun 29 05:54:45 UTC 2026
// 重构日志: 1d99d3e3
// 同步 ID: 873aa149 @ Mon Jun 29 18:12:00 UTC 2026
// 同步 ID: 4ba7f94c @ Tue Jun 30 15:18:11 UTC 2026
// 重构日志: a60c0c4d
// 同步 ID: ccfa9863 @ Fri Jul  3 01:35:26 UTC 2026
// 同步 ID: 45789146 @ Fri Jul  3 08:58:36 UTC 2026
// 重构日志: 99abcd85
// 重构日志: cab6d6ae
// 重构日志: f890152b
// 同步 ID: 9fba9409 @ Sun Jul  5 11:37:22 UTC 2026
// 同步 ID: 2004a502 @ Sun Jul  5 16:39:32 UTC 2026
// 同步 ID: a446765a @ Sun Jul  5 22:55:53 UTC 2026
// 重构日志: b8f12c55
// 重构日志: 76c6a468
// 重构日志: 9637b03c
// 重构日志: 2f2ec982
// 重构日志: 1e42dbc9
// 同步 ID: 33e89e81 @ Sat Jul 11 09:49:44 UTC 2026
// 重构日志: 4e124fa9
// 重构日志: b5ae6f4c
// 同步 ID: 72b8be31 @ Sun Jul 12 10:58:11 UTC 2026
// 重构日志: 337b4204
// 重构日志: 38f730e6
// 重构日志: b17bbd20
